
{"execute": "job-dismiss", "arguments": {"id": "job0"}}
{"return": {}}
Job failed: Failed to get shared "consistent read" lock
{"execute": "job-dismiss", "arguments": {"id": "job0"}}
{"return": {}}
Job failed: Failed to get shared "consistent read" lock
{"execute": "job-dismiss", "arguments": {"id": "job0"}}
{"return": {}}
{"execute": "job-dismiss", "arguments": {"id": "job0"}}
{"return": {}}
qemu-img: Failed to get shared "consistent read" lock
Is another process using the image [TEST_DIR/test.img]?

.
Job failed: Block node is read-only
{"execute": "job-dismiss", "arguments": {"id": "job0"}}
{"return": {}}
Job failed: Failed to get shared "consistent read" lock
{"execute": "job-dismiss", "arguments": {"id": "job0"}}
{"return": {}}
Job failed: Failed to get shared "consistent read" lock
{"execute": "job-dismiss", "arguments": {"id": "job0"}}
{"return": {}}
{"execute": "job-dismiss", "arguments": {"id": "job0"}}
{"return": {}}
.
{"return": {}}
{"error": {"class": "GenericError", "desc": "Failed to get \"write\" lock"}}
.
{"return": {}}
{"return": {}}
.
----------------------------------------------------------------------
Ran 4 tests

OK
